Server listening on port 3000
DB connection OK
refresh endpoint called, cookies: { refreshToken: 'd24ad80b-be7f-471c-ab06-d7980e3ad5f9' }
refresh token header value: d24ad80b-be7f-471c-ab06-d7980e3ad5f9
session lookup result for token: d24ad80b-be7f-471c-ab06-d7980e3ad5f9 {
  id: 24,
  user_id: 2,
  token: 'd24ad80b-be7f-471c-ab06-d7980e3ad5f9',
  expires_at: 2026-05-18T01:49:49.000Z,
  created_at: 2026-05-17T05:49:49.000Z
}
refresh endpoint called, cookies: { refreshToken: 'ccdd42ac-be58-4887-91b8-a18f8f550940' }
refresh token header value: ccdd42ac-be58-4887-91b8-a18f8f550940
session lookup result for token: ccdd42ac-be58-4887-91b8-a18f8f550940 {
  id: 25,
  user_id: 2,
  token: 'ccdd42ac-be58-4887-91b8-a18f8f550940',
  expires_at: 2026-05-18T01:51:26.000Z,
  created_at: 2026-05-17T05:51:25.000Z
}
